21:33:31 **** Incremental Build of configuration Debug for project l3gd20htr_cubemx ****
make -j8 all 
arm-none-eabi-gcc "../Core/Src/main.c" -mcpu=cortex-m4 -std=gnu11 -g3 -DDEBUG -DUSE_HAL_DRIVER -DSTM32F407xx -c -I../Core/Inc -I../Drivers/STM32F4xx_HAL_Driver/Inc -I../Drivers/STM32F4xx_HAL_Driver/Inc/Legacy -I../Drivers/CMSIS/Device/ST/STM32F4xx/Include -I../Drivers/CMSIS/Include -O0 -ffunction-sections -fdata-sections -Wall -fstack-usage -fcyclomatic-complexity -MMD -MP -MF"Core/Src/main.d" -MT"Core/Src/main.o" --specs=nano.specs -mfpu=fpv4-sp-d16 -mfloat-abi=hard -mthumb -o "Core/Src/main.o"
arm-none-eabi-gcc -o "l3gd20htr_cubemx.elf" @"objects.list"   -mcpu=cortex-m4 -T"D:\project\2026\Mango-M32F4 교육\PPT\18.L3GD20HTR\l3gd20htr_cubemx\STM32F407ZETX_FLASH.ld" --specs=nosys.specs -Wl,-Map="l3gd20htr_cubemx.map" -Wl,--gc-sections -static --specs=nano.specs -mfpu=fpv4-sp-d16 -mfloat-abi=hard -mthumb -u _printf_float -Wl,--start-group -lc -lm -Wl,--end-group
Finished building target: l3gd20htr_cubemx.elf
 
arm-none-eabi-size  l3gd20htr_cubemx.elf 
arm-none-eabi-objdump -h -S l3gd20htr_cubemx.elf  > "l3gd20htr_cubemx.list"
   text	   data	    bss	    dec	    hex	filename
  27624	    468	   2060	  30152	   75c8	l3gd20htr_cubemx.elf
arm-none-eabi-objcopy  -O binary l3gd20htr_cubemx.elf  "l3gd20htr_cubemx.bin"
Finished building: default.size.stdout
 
Finished building: l3gd20htr_cubemx.list
Finished building: l3gd20htr_cubemx.bin
 
 
21:33:38 **** Incremental Build of configuration Debug for project l3gd20htr_cubemx ****
make -j8 all 
arm-none-eabi-size  l3gd20htr_cubemx.elf 
   text	   data	    bss	    dec	    hex	filename
  27624	    468	   2060	  30152	   75c8	l3gd20htr_cubemx.elf
Finished building: default.size.stdout
 
21:41:48 **** Incremental Build of configuration Debug for project l3gd20htr_cubemx ****
make -j8 all 
arm-none-eabi-gcc "../Core/Src/main.c" -mcpu=cortex-m4 -std=gnu11 -g3 -DDEBUG -DUSE_HAL_DRIVER -DSTM32F407xx -c -I../Core/Inc -I../Drivers/STM32F4xx_HAL_Driver/Inc -I../Drivers/STM32F4xx_HAL_Driver/Inc/Legacy -I../Drivers/CMSIS/Device/ST/STM32F4xx/Include -I../Drivers/CMSIS/Include -O0 -ffunction-sections -fdata-sections -Wall -fstack-usage -fcyclomatic-complexity -MMD -MP -MF"Core/Src/main.d" -MT"Core/Src/main.o" --specs=nano.specs -mfpu=fpv4-sp-d16 -mfloat-abi=hard -mthumb -o "Core/Src/main.o"
arm-none-eabi-gcc -o "l3gd20htr_cubemx.elf" @"objects.list"   -mcpu=cortex-m4 -T"D:\project\2026\Mango-M32F4 교육\PPT\18.L3GD20HTR\l3gd20htr_cubemx\STM32F407ZETX_FLASH.ld" --specs=nosys.specs -Wl,-Map="l3gd20htr_cubemx.map" -Wl,--gc-sections -static --specs=nano.specs -mfpu=fpv4-sp-d16 -mfloat-abi=hard -mthumb -u _printf_float -Wl,--start-group -lc -lm -Wl,--end-group
Finished building target: l3gd20htr_cubemx.elf
 
arm-none-eabi-size  l3gd20htr_cubemx.elf 
arm-none-eabi-objdump -h -S l3gd20htr_cubemx.elf  > "l3gd20htr_cubemx.list"
   text	   data	    bss	    dec	    hex	filename
  27640	    468	   2060	  30168	   75d8	l3gd20htr_cubemx.elf
arm-none-eabi-objcopy  -O binary l3gd20htr_cubemx.elf  "l3gd20htr_cubemx.bin"
Finished building: default.size.stdout
 
Finished building: l3gd20htr_cubemx.list
Finished building: l3gd20htr_cubemx.bin
 
 
21:48:25 **** Incremental Build of configuration Debug for project l3gd20htr_cubemx ****
make -j8 all 
arm-none-eabi-gcc "../Core/Src/main.c" -mcpu=cortex-m4 -std=gnu11 -g3 -DDEBUG -DUSE_HAL_DRIVER -DSTM32F407xx -c -I../Core/Inc -I../Drivers/STM32F4xx_HAL_Driver/Inc -I../Drivers/STM32F4xx_HAL_Driver/Inc/Legacy -I../Drivers/CMSIS/Device/ST/STM32F4xx/Include -I../Drivers/CMSIS/Include -O0 -ffunction-sections -fdata-sections -Wall -fstack-usage -fcyclomatic-complexity -MMD -MP -MF"Core/Src/main.d" -MT"Core/Src/main.o" --specs=nano.specs -mfpu=fpv4-sp-d16 -mfloat-abi=hard -mthumb -o "Core/Src/main.o"
arm-none-eabi-gcc -o "l3gd20htr_cubemx.elf" @"objects.list"   -mcpu=cortex-m4 -T"D:\project\2026\Mango-M32F4 교육\PPT\18.L3GD20HTR\l3gd20htr_cubemx\STM32F407ZETX_FLASH.ld" --specs=nosys.specs -Wl,-Map="l3gd20htr_cubemx.map" -Wl,--gc-sections -static --specs=nano.specs -mfpu=fpv4-sp-d16 -mfloat-abi=hard -mthumb -u _printf_float -Wl,--start-group -lc -lm -Wl,--end-group
Finished building target: l3gd20htr_cubemx.elf
 
arm-none-eabi-size  l3gd20htr_cubemx.elf 
arm-none-eabi-objdump -h -S l3gd20htr_cubemx.elf  > "l3gd20htr_cubemx.list"
   text	   data	    bss	    dec	    hex	filename
  27712	    468	   2060	  30240	   7620	l3gd20htr_cubemx.elf
arm-none-eabi-objcopy  -O binary l3gd20htr_cubemx.elf  "l3gd20htr_cubemx.bin"
Finished building: default.size.stdout
Finished building: l3gd20htr_cubemx.list
 
Finished building: l3gd20htr_cubemx.bin
 
 
21:50:15 **** Incremental Build of configuration Debug for project l3gd20htr_cubemx ****
make -j8 all 
arm-none-eabi-gcc "../Core/Src/main.c" -mcpu=cortex-m4 -std=gnu11 -g3 -DDEBUG -DUSE_HAL_DRIVER -DSTM32F407xx -c -I../Core/Inc -I../Drivers/STM32F4xx_HAL_Driver/Inc -I../Drivers/STM32F4xx_HAL_Driver/Inc/Legacy -I../Drivers/CMSIS/Device/ST/STM32F4xx/Include -I../Drivers/CMSIS/Include -O0 -ffunction-sections -fdata-sections -Wall -fstack-usage -fcyclomatic-complexity -MMD -MP -MF"Core/Src/main.d" -MT"Core/Src/main.o" --specs=nano.specs -mfpu=fpv4-sp-d16 -mfloat-abi=hard -mthumb -o "Core/Src/main.o"
arm-none-eabi-gcc -o "l3gd20htr_cubemx.elf" @"objects.list"   -mcpu=cortex-m4 -T"D:\project\2026\Mango-M32F4 교육\PPT\18.L3GD20HTR\l3gd20htr_cubemx\STM32F407ZETX_FLASH.ld" --specs=nosys.specs -Wl,-Map="l3gd20htr_cubemx.map" -Wl,--gc-sections -static --specs=nano.specs -mfpu=fpv4-sp-d16 -mfloat-abi=hard -mthumb -u _printf_float -Wl,--start-group -lc -lm -Wl,--end-group
Finished building target: l3gd20htr_cubemx.elf
 
arm-none-eabi-size  l3gd20htr_cubemx.elf 
arm-none-eabi-objdump -h -S l3gd20htr_cubemx.elf  > "l3gd20htr_cubemx.list"
   text	   data	    bss	    dec	    hex	filename
  27712	    468	   2060	  30240	   7620	l3gd20htr_cubemx.elf
arm-none-eabi-objcopy  -O binary l3gd20htr_cubemx.elf  "l3gd20htr_cubemx.bin"
Finished building: default.size.stdout
 
Finished building: l3gd20htr_cubemx.list
Finished building: l3gd20htr_cubemx.bin
 
 
21:51:05 **** Incremental Build of configuration Debug for project l3gd20htr_cubemx ****
make -j8 all 
arm-none-eabi-gcc "../Core/Src/main.c" -mcpu=cortex-m4 -std=gnu11 -g3 -DDEBUG -DUSE_HAL_DRIVER -DSTM32F407xx -c -I../Core/Inc -I../Drivers/STM32F4xx_HAL_Driver/Inc -I../Drivers/STM32F4xx_HAL_Driver/Inc/Legacy -I../Drivers/CMSIS/Device/ST/STM32F4xx/Include -I../Drivers/CMSIS/Include -O0 -ffunction-sections -fdata-sections -Wall -fstack-usage -fcyclomatic-complexity -MMD -MP -MF"Core/Src/main.d" -MT"Core/Src/main.o" --specs=nano.specs -mfpu=fpv4-sp-d16 -mfloat-abi=hard -mthumb -o "Core/Src/main.o"
arm-none-eabi-gcc -o "l3gd20htr_cubemx.elf" @"objects.list"   -mcpu=cortex-m4 -T"D:\project\2026\Mango-M32F4 교육\PPT\18.L3GD20HTR\l3gd20htr_cubemx\STM32F407ZETX_FLASH.ld" --specs=nosys.specs -Wl,-Map="l3gd20htr_cubemx.map" -Wl,--gc-sections -static --specs=nano.specs -mfpu=fpv4-sp-d16 -mfloat-abi=hard -mthumb -u _printf_float -Wl,--start-group -lc -lm -Wl,--end-group
Finished building target: l3gd20htr_cubemx.elf
 
arm-none-eabi-size  l3gd20htr_cubemx.elf 
arm-none-eabi-objdump -h -S l3gd20htr_cubemx.elf  > "l3gd20htr_cubemx.list"
   text	   data	    bss	    dec	    hex	filename
  27712	    468	   2060	  30240	   7620	l3gd20htr_cubemx.elf
arm-none-eabi-objcopy  -O binary l3gd20htr_cubemx.elf  "l3gd20htr_cubemx.bin"
Finished building: default.size.stdout
Finished building: l3gd20htr_cubemx.list
 
Finished building: l3gd20htr_cubemx.bin
 
 
22:00:59 **** Incremental Build of configuration Debug for project l3gd20htr_cubemx ****
make -j8 all 
arm-none-eabi-gcc "../Core/Src/main.c" -mcpu=cortex-m4 -std=gnu11 -g3 -DDEBUG -DUSE_HAL_DRIVER -DSTM32F407xx -c -I../Core/Inc -I../Drivers/STM32F4xx_HAL_Driver/Inc -I../Drivers/STM32F4xx_HAL_Driver/Inc/Legacy -I../Drivers/CMSIS/Device/ST/STM32F4xx/Include -I../Drivers/CMSIS/Include -O0 -ffunction-sections -fdata-sections -Wall -fstack-usage -fcyclomatic-complexity -MMD -MP -MF"Core/Src/main.d" -MT"Core/Src/main.o" --specs=nano.specs -mfpu=fpv4-sp-d16 -mfloat-abi=hard -mthumb -o "Core/Src/main.o"
arm-none-eabi-gcc -o "l3gd20htr_cubemx.elf" @"objects.list"   -mcpu=cortex-m4 -T"D:\project\2026\Mango-M32F4 교육\PPT\18.L3GD20HTR\l3gd20htr_cubemx\STM32F407ZETX_FLASH.ld" --specs=nosys.specs -Wl,-Map="l3gd20htr_cubemx.map" -Wl,--gc-sections -static --specs=nano.specs -mfpu=fpv4-sp-d16 -mfloat-abi=hard -mthumb -u _printf_float -Wl,--start-group -lc -lm -Wl,--end-group
Finished building target: l3gd20htr_cubemx.elf
 
arm-none-eabi-size  l3gd20htr_cubemx.elf 
arm-none-eabi-objdump -h -S l3gd20htr_cubemx.elf  > "l3gd20htr_cubemx.list"
   text	   data	    bss	    dec	    hex	filename
  27640	    468	   2060	  30168	   75d8	l3gd20htr_cubemx.elf
arm-none-eabi-objcopy  -O binary l3gd20htr_cubemx.elf  "l3gd20htr_cubemx.bin"
Finished building: default.size.stdout
 
Finished building: l3gd20htr_cubemx.list
Finished building: l3gd20htr_cubemx.bin
 
 
09:41:12 **** Incremental Build of configuration Debug for project l3gd20htr_cubemx ****
make -j8 all 
arm-none-eabi-size  l3gd20htr_cubemx.elf 
   text	   data	    bss	    dec	    hex	filename
  27640	    468	   2060	  30168	   75d8	l3gd20htr_cubemx.elf
Finished building: default.size.stdout
 
