11:37:46 **** Incremental Build of configuration Debug for project sht20_cubemx ****
make -j8 all 
arm-none-eabi-gcc "../Core/Src/main.c" -mcpu=cortex-m4 -std=gnu11 -g3 -DDEBUG -DUSE_HAL_DRIVER -DSTM32F407xx -c -I../Core/Inc -I../Drivers/STM32F4xx_HAL_Driver/Inc -I../Drivers/STM32F4xx_HAL_Driver/Inc/Legacy -I../Drivers/CMSIS/Device/ST/STM32F4xx/Include -I../Drivers/CMSIS/Include -O0 -ffunction-sections -fdata-sections -Wall -fstack-usage -fcyclomatic-complexity -MMD -MP -MF"Core/Src/main.d" -MT"Core/Src/main.o" --specs=nano.specs -mfpu=fpv4-sp-d16 -mfloat-abi=hard -mthumb -o "Core/Src/main.o"
arm-none-eabi-gcc -o "sht20_cubemx.elf" @"objects.list"   -mcpu=cortex-m4 -T"D:\project\2026\Mango-M32F4 교육\PPT\24.SHT20\sht20_cubemx\STM32F407ZETX_FLASH.ld" --specs=nosys.specs -Wl,-Map="sht20_cubemx.map" -Wl,--gc-sections -static --specs=nano.specs -mfpu=fpv4-sp-d16 -mfloat-abi=hard -mthumb -u _printf_float -Wl,--start-group -lc -lm -Wl,--end-group
Finished building target: sht20_cubemx.elf
 
arm-none-eabi-size  sht20_cubemx.elf 
arm-none-eabi-objdump -h -S sht20_cubemx.elf  > "sht20_cubemx.list"
   text	   data	    bss	    dec	    hex	filename
  27616	    468	   2060	  30144	   75c0	sht20_cubemx.elf
arm-none-eabi-objcopy  -O binary sht20_cubemx.elf  "sht20_cubemx.bin"
Finished building: default.size.stdout
 
Finished building: sht20_cubemx.list
Finished building: sht20_cubemx.bin
 
 
