14:08:43 **** Incremental Build of configuration Debug for project usb_host_cubemx ****
make -j8 all 
arm-none-eabi-gcc "../Core/Src/main.c" -mcpu=cortex-m4 -std=gnu11 -g3 -DDEBUG -DUSE_HAL_DRIVER -DSTM32F407xx -c -I../USB_HOST/App -I../USB_HOST/Target -I../Core/Inc -I../Drivers/STM32F4xx_HAL_Driver/Inc -I../Drivers/STM32F4xx_HAL_Driver/Inc/Legacy -I../Middlewares/ST/STM32_USB_Host_Library/Core/Inc -I../Middlewares/ST/STM32_USB_Host_Library/Class/HID/Inc -I../Drivers/CMSIS/Device/ST/STM32F4xx/Include -I../Drivers/CMSIS/Include -O0 -ffunction-sections -fdata-sections -Wall -fstack-usage -fcyclomatic-complexity -MMD -MP -MF"Core/Src/main.d" -MT"Core/Src/main.o" --specs=nano.specs -mfpu=fpv4-sp-d16 -mfloat-abi=hard -mthumb -o "Core/Src/main.o"
arm-none-eabi-gcc -o "usb_host_cubemx.elf" @"objects.list"   -mcpu=cortex-m4 -T"D:\project\2026\Mango-M32F4 교육\PPT\8.USB HOST\usb_host_cubemx\STM32F407ZETX_FLASH.ld" --specs=nosys.specs -Wl,-Map="usb_host_cubemx.map" -Wl,--gc-sections -static --specs=nano.specs -mfpu=fpv4-sp-d16 -mfloat-abi=hard -mthumb -Wl,--start-group -lc -lm -Wl,--end-group
Finished building target: usb_host_cubemx.elf
 
arm-none-eabi-size  usb_host_cubemx.elf 
arm-none-eabi-objdump -h -S usb_host_cubemx.elf  > "usb_host_cubemx.list"
   text	   data	    bss	    dec	    hex	filename
  38980	    136	   4016	  43132	   a87c	usb_host_cubemx.elf
arm-none-eabi-objcopy  -O binary usb_host_cubemx.elf  "usb_host_cubemx.bin"
Finished building: default.size.stdout
 
Finished building: usb_host_cubemx.list
Finished building: usb_host_cubemx.bin
 
 

14:08:46 Build Finished. 0 errors, 0 warnings. (took 2s.485ms)

